2026-07-07 14:35:53,463 - __main__ - INFO - 初始化缓存管理器 (v2.1格式)
2026-07-07 14:35:53,463 - __main__ - INFO -   数据目录: data/mock_tiny
2026-07-07 14:35:53,463 - __main__ - INFO -   缓存目录: data/mock_tiny/static/mock_tiny/cache
2026-07-07 14:35:53,463 - __main__ - INFO -   静态目录: data/mock_tiny/static/mock_tiny
2026-07-07 14:35:53,463 - __main__ - INFO -   数据百分比: 100.0%
2026-07-07 14:35:53,468 - data.cache_manager - INFO - CacheManager initialized: cache_dir=data/mock_tiny/static/mock_tiny/cache, static_dir=/data2/cse12310948/project2/Forecast_Grounded_Decision_QA/pipeFormer/data/mock_tiny/static/mock_tiny, dims=14 (boundary=4, equipment=10), data_hash=1fb50e52, variable_hash=741a95e6
2026-07-07 14:35:53,468 - __main__ - INFO - 强制重建缓存...
2026-07-07 14:35:53,468 - data.cache_manager - INFO - Cache cleared successfully
2026-07-07 14:35:53,468 - __main__ - INFO - 初始化数据处理器...
2026-07-07 14:35:53,471 - data.processor - WARNING - Failed to load static equipment data: cannot import name 'StaticEquipmentProcessor' from 'data.process_eq_argu' (/data2/cse12310948/project2/Forecast_Grounded_Decision_QA/pipeFormer/data/process_eq_argu/__init__.py)
2026-07-07 14:35:53,472 - __main__ - INFO - 开始构建缓存 (v2.1格式)
2026-07-07 14:35:53,472 - __main__ - INFO -   数据百分比: 100.0%
2026-07-07 14:35:53,472 - __main__ - INFO -   缓存目录: data/mock_tiny/static/mock_tiny/cache
2026-07-07 14:35:53,472 - __main__ - INFO -   存储格式: 原始样本数据 [1439, 6712]
2026-07-07 14:35:53,472 - __main__ - INFO -   预期存储节省: ~85% (117GB → 15-20GB)
2026-07-07 14:35:53,472 - __main__ - INFO - 跳过token缓存生成，仅保存原始样本数据。
2026-07-07 14:35:53,472 - data.cache_manager - INFO - Preparing cache for 100.0% of samples...
2026-07-07 14:35:53,474 - data.processor - INFO - Found 3 train samples
2026-07-07 14:35:53,474 - data.cache_manager - INFO - Using 3 out of 3 available samples (100.0%).
2026-07-07 14:35:53,474 - data.cache_manager - INFO - Processing 2 train samples...
2026-07-07 14:35:53,638 - data.processor - WARNING - Expected 2059 columns in data/mock_tiny/dataset/train/case_001/B.csv, got 3
2026-07-07 14:35:53,645 - data.processor - WARNING - Expected 162 columns in data/mock_tiny/dataset/train/case_001/C.csv, got 3
2026-07-07 14:35:53,651 - data.processor - WARNING - Expected 1717 columns in data/mock_tiny/dataset/train/case_001/N.csv, got 3
2026-07-07 14:35:53,657 - data.processor - WARNING - Expected 1611 columns in data/mock_tiny/dataset/train/case_001/P.csv, got 3
2026-07-07 14:35:53,662 - data.processor - WARNING - Expected 51 columns in data/mock_tiny/dataset/train/case_001/R.csv, got 2
2026-07-07 14:35:53,667 - data.processor - WARNING - Expected 388 columns in data/mock_tiny/dataset/train/case_001/T&E.csv, got 2
2026-07-07 14:35:54,397 - data.processor - INFO - Filled missing equipment variables with sentinel value: ['B_002_v000', 'B_003_v000', 'B_002_v001', 'B_003_v001', 'B_001_v002', 'B_002_v002', 'B_003_v002', 'B_001_v003', 'B_002_v003', 'B_003_v003', '...']
2026-07-07 14:35:54,799 - data.processor - WARNING - Expected 2059 columns in data/mock_tiny/dataset/train/case_002/B.csv, got 3
2026-07-07 14:35:54,805 - data.processor - WARNING - Expected 162 columns in data/mock_tiny/dataset/train/case_002/C.csv, got 3
2026-07-07 14:35:54,810 - data.processor - WARNING - Expected 1717 columns in data/mock_tiny/dataset/train/case_002/N.csv, got 3
2026-07-07 14:35:54,816 - data.processor - WARNING - Expected 1611 columns in data/mock_tiny/dataset/train/case_002/P.csv, got 3
2026-07-07 14:35:54,821 - data.processor - WARNING - Expected 51 columns in data/mock_tiny/dataset/train/case_002/R.csv, got 2
2026-07-07 14:35:54,826 - data.processor - WARNING - Expected 388 columns in data/mock_tiny/dataset/train/case_002/T&E.csv, got 2
2026-07-07 14:35:55,522 - data.processor - INFO - Filled missing equipment variables with sentinel value: ['B_002_v000', 'B_003_v000', 'B_002_v001', 'B_003_v001', 'B_001_v002', 'B_002_v002', 'B_003_v002', 'B_001_v003', 'B_002_v003', 'B_003_v003', '...']
2026-07-07 14:35:55,786 - data.cache_manager - INFO - ✓ No NaN values found in train data - all 2 samples are clean!
2026-07-07 14:35:55,786 - data.cache_manager - INFO - Processed 2 samples for train
2026-07-07 14:35:55,786 - data.cache_manager - INFO - Processing 1 validation samples...
2026-07-07 14:35:55,932 - data.processor - WARNING - Expected 2059 columns in data/mock_tiny/dataset/train/第001个算例/B.csv, got 3
2026-07-07 14:35:55,938 - data.processor - WARNING - Expected 162 columns in data/mock_tiny/dataset/train/第001个算例/C.csv, got 3
2026-07-07 14:35:55,943 - data.processor - WARNING - Expected 1717 columns in data/mock_tiny/dataset/train/第001个算例/N.csv, got 3
2026-07-07 14:35:55,949 - data.processor - WARNING - Expected 1611 columns in data/mock_tiny/dataset/train/第001个算例/P.csv, got 3
2026-07-07 14:35:55,954 - data.processor - WARNING - Expected 51 columns in data/mock_tiny/dataset/train/第001个算例/R.csv, got 2
2026-07-07 14:35:55,959 - data.processor - WARNING - Expected 388 columns in data/mock_tiny/dataset/train/第001个算例/T&E.csv, got 2
2026-07-07 14:35:56,634 - data.processor - INFO - Filled missing equipment variables with sentinel value: ['B_002_v000', 'B_003_v000', 'B_002_v001', 'B_003_v001', 'B_001_v002', 'B_002_v002', 'B_003_v002', 'B_001_v003', 'B_002_v003', 'B_003_v003', '...']
2026-07-07 14:35:56,889 - data.cache_manager - INFO - ✓ No NaN values found in validation data - all 1 samples are clean!
2026-07-07 14:35:56,889 - data.cache_manager - INFO - Processed 1 samples for validation
2026-07-07 14:35:56,890 - data.cache_manager - INFO - Preparing 2 samples for Parquet format...
2026-07-07 14:35:56,891 - data.cache_manager - INFO - Saving 2 samples to data/mock_tiny/static/mock_tiny/cache/train_sequences.parquet...
2026-07-07 14:35:56,895 - data.cache_manager - INFO - Successfully saved 2 samples to data/mock_tiny/static/mock_tiny/cache/train_sequences.parquet
2026-07-07 14:35:56,895 - data.cache_manager - INFO - Preparing 1 samples for Parquet format...
2026-07-07 14:35:56,896 - data.cache_manager - INFO - Saving 1 samples to data/mock_tiny/static/mock_tiny/cache/val_sequences.parquet...
2026-07-07 14:35:56,898 - data.cache_manager - INFO - Successfully saved 1 samples to data/mock_tiny/static/mock_tiny/cache/val_sequences.parquet
2026-07-07 14:35:56,901 - data.cache_manager - INFO - Cache built successfully: 2 train, 1 val
2026-07-07 14:35:56,901 - data.cache_manager - INFO - Each sample stores [1439, 14] raw data (boundary=4, equipment=10)
2026-07-07 14:35:56,901 - data.cache_manager - INFO - Max possible sequence length: 1438 (sample_length - 1)
2026-07-07 14:35:56,901 - data.cache_manager - INFO - Cache is valid
2026-07-07 14:35:56,901 - __main__ - INFO - 缓存构建完成！耗时: 3.4292秒
2026-07-07 14:53:17,664 - __main__ - INFO - 初始化缓存管理器 (v2.1格式)
2026-07-07 14:53:17,664 - __main__ - INFO -   数据目录: data/mock_tiny
2026-07-07 14:53:17,665 - __main__ - INFO -   缓存目录: data/mock_tiny/static/mock_tiny/cache
2026-07-07 14:53:17,665 - __main__ - INFO -   静态目录: data/mock_tiny/static/mock_tiny
2026-07-07 14:53:17,665 - __main__ - INFO -   数据百分比: 100.0%
2026-07-07 14:53:17,670 - data.cache_manager - INFO - CacheManager initialized: cache_dir=data/mock_tiny/static/mock_tiny/cache, static_dir=/data2/cse12310948/project2/Forecast_Grounded_Decision_QA/pipeFormer/data/mock_tiny/static/mock_tiny, dims=14 (boundary=4, equipment=10), data_hash=1fb50e52, variable_hash=741a95e6
2026-07-07 14:53:17,671 - data.cache_manager - INFO - Cache is valid
2026-07-07 14:53:17,671 - __main__ - INFO - 强制重建缓存...
2026-07-07 14:53:17,671 - __main__ - INFO - 保留现有序列缓存文件
2026-07-07 14:53:17,671 - data.cache_manager - INFO - Removed data/mock_tiny/static/mock_tiny/cache/metadata.json
2026-07-07 14:53:17,671 - data.cache_manager - INFO - Removed data/mock_tiny/static/mock_tiny/cache/prediction_mask.npy
2026-07-07 14:53:17,671 - data.cache_manager - INFO - Cache cleared successfully
2026-07-07 14:53:17,671 - __main__ - INFO - 初始化数据处理器...
2026-07-07 14:53:17,672 - data.processor - WARNING - Failed to load static equipment data: cannot import name 'StaticEquipmentProcessor' from 'data.process_eq_argu' (/data2/cse12310948/project2/Forecast_Grounded_Decision_QA/pipeFormer/data/process_eq_argu/__init__.py)
2026-07-07 14:53:17,672 - __main__ - INFO - 开始构建缓存 (v2.1格式)
2026-07-07 14:53:17,672 - __main__ - INFO -   数据百分比: 100.0%
2026-07-07 14:53:17,673 - __main__ - INFO -   缓存目录: data/mock_tiny/static/mock_tiny/cache
2026-07-07 14:53:17,673 - __main__ - INFO -   存储格式: 原始样本数据 [1439, 6712]
2026-07-07 14:53:17,673 - __main__ - INFO -   预期存储节省: ~85% (117GB → 15-20GB)
2026-07-07 14:53:17,673 - __main__ - INFO - 加载tokenizer统计信息用于token缓存...
2026-07-07 14:53:17,673 - data.tokenizer_save.core - INFO - Loaded tokenizer config overrides from data/mock_tiny/static/mock_tiny/tokenizer_save/data_tokenizer_config.json: constant_freq_threshold, constant_variable_threshold, boundary_dims, equipment_dims, quantile_step, quantile_method, range_gap_epsilon, round_gap
2026-07-07 14:53:17,675 - data.tokenizer_save.core - INFO - DataTokenizer initialised (boundary_dims=4, equipment_dims=10)
2026-07-07 14:53:17,714 - data.tokenizer_save.core - INFO - Tokenizer stats loaded from data/mock_tiny/static/mock_tiny/tokenizer_save/token_stats.csv
2026-07-07 14:53:17,714 - data.tokenizer_save - INFO - Loaded tokenizer from data/mock_tiny/static/mock_tiny
2026-07-07 14:53:17,714 - __main__ - INFO - 使用tokenizer统计目录: data/mock_tiny/static/mock_tiny/tokenizer_save
2026-07-07 14:53:17,714 - data.cache_manager - INFO - Preparing cache for 100.0% of samples...
2026-07-07 14:53:17,716 - data.processor - INFO - Found 3 train samples
2026-07-07 14:53:17,717 - data.cache_manager - INFO - Detected compatible cached sequences; reusing existing Parquet data.
2026-07-07 14:53:17,717 - data.cache_manager - INFO - Loading samples from data/mock_tiny/static/mock_tiny/cache/train_sequences.parquet...
2026-07-07 14:53:17,728 - data.cache_manager - INFO - Loading 2 samples from Parquet format...
2026-07-07 14:53:17,730 - data.cache_manager - INFO - Successfully loaded 2 samples from data/mock_tiny/static/mock_tiny/cache/train_sequences.parquet
2026-07-07 14:53:17,730 - data.cache_manager - INFO - Loading samples from data/mock_tiny/static/mock_tiny/cache/val_sequences.parquet...
2026-07-07 14:53:17,733 - data.cache_manager - INFO - Loading 1 samples from Parquet format...
2026-07-07 14:53:17,734 - data.cache_manager - INFO - Successfully loaded 1 samples from data/mock_tiny/static/mock_tiny/cache/val_sequences.parquet
2026-07-07 14:53:17,737 - data.cache_manager - INFO - Reused 3 cached samples (2 train / 1 val).
2026-07-07 14:53:17,738 - data.cache_manager - INFO - Sequence parquet already present; reuse without rewriting.
2026-07-07 14:53:17,738 - data.cache_manager - INFO - Saving token ids for 2 samples to data/mock_tiny/static/mock_tiny/cache/train_tokens.parquet...
2026-07-07 14:53:17,740 - data.cache_manager - INFO - Successfully saved token ids to data/mock_tiny/static/mock_tiny/cache/train_tokens.parquet
2026-07-07 14:53:17,741 - data.cache_manager - INFO - Saving token ids for 1 samples to data/mock_tiny/static/mock_tiny/cache/val_tokens.parquet...
2026-07-07 14:53:17,742 - data.cache_manager - INFO - Successfully saved token ids to data/mock_tiny/static/mock_tiny/cache/val_tokens.parquet
2026-07-07 14:53:17,745 - data.cache_manager - INFO - Cache built successfully: 2 train, 1 val
2026-07-07 14:53:17,745 - data.cache_manager - INFO - Each sample stores [1439, 14] raw data (boundary=4, equipment=10)
2026-07-07 14:53:17,745 - data.cache_manager - INFO - Max possible sequence length: 1438 (sample_length - 1)
2026-07-07 14:53:17,745 - data.cache_manager - INFO - Cache is valid
2026-07-07 14:53:17,745 - __main__ - INFO - 缓存构建完成！耗时: 0.0309秒
2026-07-07 15:05:31,503 - __main__ - INFO - 初始化缓存管理器 (v2.1格式)
2026-07-07 15:05:31,503 - __main__ - INFO -   数据目录: data/mock_tiny
2026-07-07 15:05:31,503 - __main__ - INFO -   缓存目录: data/mock_tiny/static/mock_tiny/cache
2026-07-07 15:05:31,503 - __main__ - INFO -   静态目录: data/mock_tiny/static/mock_tiny
2026-07-07 15:05:31,503 - __main__ - INFO -   数据百分比: 100.0%
2026-07-07 15:05:31,508 - data.cache_manager - INFO - CacheManager initialized: cache_dir=data/mock_tiny/static/mock_tiny/cache, static_dir=/data2/cse12310948/project2/Forecast_Grounded_Decision_QA/pipeFormer/data/mock_tiny/static/mock_tiny, dims=14 (boundary=4, equipment=10), data_hash=1fb50e52, variable_hash=741a95e6
2026-07-07 15:05:31,508 - data.cache_manager - INFO - Cache is valid
2026-07-07 15:05:31,508 - __main__ - INFO - 强制重建缓存...
2026-07-07 15:05:31,509 - __main__ - INFO - 保留现有序列缓存文件
2026-07-07 15:05:31,509 - data.cache_manager - INFO - Removed data/mock_tiny/static/mock_tiny/cache/train_tokens.parquet
2026-07-07 15:05:31,509 - data.cache_manager - INFO - Removed data/mock_tiny/static/mock_tiny/cache/val_tokens.parquet
2026-07-07 15:05:31,509 - data.cache_manager - INFO - Removed data/mock_tiny/static/mock_tiny/cache/metadata.json
2026-07-07 15:05:31,509 - data.cache_manager - INFO - Removed data/mock_tiny/static/mock_tiny/cache/prediction_mask.npy
2026-07-07 15:05:31,509 - data.cache_manager - INFO - Cache cleared successfully
2026-07-07 15:05:31,509 - __main__ - INFO - 初始化数据处理器...
2026-07-07 15:05:31,510 - data.processor - WARNING - Failed to load static equipment data: cannot import name 'StaticEquipmentProcessor' from 'data.process_eq_argu' (/data2/cse12310948/project2/Forecast_Grounded_Decision_QA/pipeFormer/data/process_eq_argu/__init__.py)
2026-07-07 15:05:31,510 - __main__ - INFO - 开始构建缓存 (v2.1格式)
2026-07-07 15:05:31,510 - __main__ - INFO -   数据百分比: 100.0%
2026-07-07 15:05:31,510 - __main__ - INFO -   缓存目录: data/mock_tiny/static/mock_tiny/cache
2026-07-07 15:05:31,510 - __main__ - INFO -   存储格式: 原始样本数据 [1439, 6712]
2026-07-07 15:05:31,510 - __main__ - INFO -   预期存储节省: ~85% (117GB → 15-20GB)
2026-07-07 15:05:31,511 - __main__ - INFO - 加载tokenizer统计信息用于token缓存...
2026-07-07 15:05:31,511 - data.tokenizer_save.core - INFO - Loaded tokenizer config overrides from data/mock_tiny/static/mock_tiny/tokenizer_save/data_tokenizer_config.json: constant_freq_threshold, constant_variable_threshold, boundary_dims, equipment_dims, quantile_step, quantile_method, range_gap_epsilon, round_gap
2026-07-07 15:05:31,512 - data.tokenizer_save.core - INFO - DataTokenizer initialised (boundary_dims=4, equipment_dims=10)
2026-07-07 15:05:31,551 - data.tokenizer_save.core - INFO - Tokenizer stats loaded from data/mock_tiny/static/mock_tiny/tokenizer_save/token_stats.csv
2026-07-07 15:05:31,551 - data.tokenizer_save - INFO - Loaded tokenizer from data/mock_tiny/static/mock_tiny
2026-07-07 15:05:31,551 - __main__ - INFO - 使用tokenizer统计目录: data/mock_tiny/static/mock_tiny/tokenizer_save
2026-07-07 15:05:31,551 - data.cache_manager - INFO - Preparing cache for 100.0% of samples...
2026-07-07 15:05:31,553 - data.processor - INFO - Found 3 train samples
2026-07-07 15:05:31,554 - data.cache_manager - INFO - Detected compatible cached sequences; reusing existing Parquet data.
2026-07-07 15:05:31,554 - data.cache_manager - INFO - Loading samples from data/mock_tiny/static/mock_tiny/cache/train_sequences.parquet...
2026-07-07 15:05:31,565 - data.cache_manager - INFO - Loading 2 samples from Parquet format...
2026-07-07 15:05:31,567 - data.cache_manager - INFO - Successfully loaded 2 samples from data/mock_tiny/static/mock_tiny/cache/train_sequences.parquet
2026-07-07 15:05:31,567 - data.cache_manager - INFO - Loading samples from data/mock_tiny/static/mock_tiny/cache/val_sequences.parquet...
2026-07-07 15:05:31,570 - data.cache_manager - INFO - Loading 1 samples from Parquet format...
2026-07-07 15:05:31,571 - data.cache_manager - INFO - Successfully loaded 1 samples from data/mock_tiny/static/mock_tiny/cache/val_sequences.parquet
2026-07-07 15:05:31,575 - data.cache_manager - INFO - Reused 3 cached samples (2 train / 1 val).
2026-07-07 15:05:31,575 - data.cache_manager - INFO - Sequence parquet already present; reuse without rewriting.
2026-07-07 15:05:31,575 - data.cache_manager - INFO - Saving token ids for 2 samples to data/mock_tiny/static/mock_tiny/cache/train_tokens.parquet...
2026-07-07 15:05:31,577 - data.cache_manager - INFO - Successfully saved token ids to data/mock_tiny/static/mock_tiny/cache/train_tokens.parquet
2026-07-07 15:05:31,578 - data.cache_manager - INFO - Saving token ids for 1 samples to data/mock_tiny/static/mock_tiny/cache/val_tokens.parquet...
2026-07-07 15:05:31,580 - data.cache_manager - INFO - Successfully saved token ids to data/mock_tiny/static/mock_tiny/cache/val_tokens.parquet
2026-07-07 15:05:31,582 - data.cache_manager - INFO - Cache built successfully: 2 train, 1 val
2026-07-07 15:05:31,582 - data.cache_manager - INFO - Each sample stores [1439, 14] raw data (boundary=4, equipment=10)
2026-07-07 15:05:31,582 - data.cache_manager - INFO - Max possible sequence length: 1438 (sample_length - 1)
2026-07-07 15:05:31,583 - data.cache_manager - INFO - Cache is valid
2026-07-07 15:05:31,583 - __main__ - INFO - 缓存构建完成！耗时: 0.0311秒
